Namespace(aim_repo=None, aim_run_hash=None, align_suffix=None, alignfile=None, all_gather_list_size=16384, amp=False, amp_batch_retries=2, amp_init_scale=128, amp_scale_window=None, ans=None, azureml_logging=False, bf16=False, bpe=None, cpu=False, criterion='cross_entropy', dataset_impl='mmap', destdir='data-bin/multi30k.en-fr.consqa_mmt', dict_only=False, empty_cache_freq=0, fp16=False, fp16_init_scale=128, fp16_no_flatten_grads=False, fp16_scale_tolerance=0.0, fp16_scale_window=None, joined_dictionary=True, log_file=None, log_format=None, log_interval=100, lr_scheduler='fixed', memory_efficient_bf16=False, memory_efficient_fp16=False, min_loss_scale=0.0001, model_parallel_size=1, no_progress_bar=False, nwordssrc=-1, nwordstgt=-1, on_cpu_convert_precision=False, only_source=False, optimizer=None, padding_factor=8, plasma_path='/tmp/plasma', profile=False, quantization_config_path=None, query=None, reset_logging=False, scoring='bleu', seed=1, source_lang='en', srcans='data/consqa-m30k-en2fr/train_en', srcdict=None, srcgptans='data/consqa-m30k-en2fr/gpt_train_en', srcgptquery='data/consqa-m30k-en2fr/gpt_train_en', srcquery='data/consqa-m30k-en2fr/train_en', suppress_crashes=False, target_lang='fr', task='consqa_mmt', tensorboard_logdir=None, testpref='data/consqa-m30k-en2fr/test.2016,data/consqa-m30k-en2fr/test.2017,data/consqa-m30k-en2fr/test.coco,data/consqa-m30k-en2fr/test.2018', tgtans='data/consqa-m30k-en2fr/train_fr', tgtdict=None, tgtquery='data/consqa-m30k-en2fr/train_fr', threshold_loss_scale=None, thresholdsrc=0, thresholdtgt=0, tokenizer=None, tpu=False, trainpref='data/consqa-m30k-en2fr/train', use_plasma_view=False, user_dir=None, validpref='data/consqa-m30k-en2fr/valid', wandb_project=None, workers=4)
[en] Dictionary: 10368 types
[en] data/consqa-m30k-en2fr/train.en: 29000 sents, 423213 tokens, 0.0% replaced (by <unk>)
[en] Dictionary: 10368 types
[en] data/consqa-m30k-en2fr/valid.en: 1014 sents, 15022 tokens, 0.00666% replaced (by <unk>)
[en] Dictionary: 10368 types
[en] data/consqa-m30k-en2fr/test.2016.en: 1000 sents, 14581 tokens, 0.0206% replaced (by <unk>)
[en] Dictionary: 10368 types
[en] data/consqa-m30k-en2fr/test.2017.en: 1000 sents, 13078 tokens, 0.0% replaced (by <unk>)
[en] Dictionary: 10368 types
[en] data/consqa-m30k-en2fr/test.coco.en: 461 sents, 5988 tokens, 0.0334% replaced (by <unk>)
[en] Dictionary: 10368 types
[en] data/consqa-m30k-en2fr/test.2018.en: 1071 sents, 16725 tokens, 0.0478% replaced (by <unk>)
[query] Dictionary: 10368 types
[query] data/consqa-m30k-en2fr/train_en.query: 29000 sents, 252001 tokens, 0.0% replaced (by <unk>)
[ans] Dictionary: 10368 types
[ans] data/consqa-m30k-en2fr/train_en.ans: 29000 sents, 99797 tokens, 0.0% replaced (by <unk>)
[query] Dictionary: 10368 types
[query] data/consqa-m30k-en2fr/train_fr.query: 29000 sents, 425967 tokens, 0.0% replaced (by <unk>)
[ans] Dictionary: 10368 types
[ans] data/consqa-m30k-en2fr/train_fr.ans: 29000 sents, 153060 tokens, 0.0% replaced (by <unk>)
[query] Dictionary: 10368 types
[query] data/consqa-m30k-en2fr/gpt_train_en.query: 29000 sents, 369529 tokens, 0.0% replaced (by <unk>)
[ans] Dictionary: 10368 types
[ans] data/consqa-m30k-en2fr/gpt_train_en.ans: 29000 sents, 133396 tokens, 0.0% replaced (by <unk>)
[fr] Dictionary: 10368 types
[fr] data/consqa-m30k-en2fr/train.fr: 29000 sents, 457720 tokens, 0.0% replaced (by <unk>)
[fr] Dictionary: 10368 types
[fr] data/consqa-m30k-en2fr/valid.fr: 1014 sents, 16119 tokens, 0.0124% replaced (by <unk>)
[fr] Dictionary: 10368 types
[fr] data/consqa-m30k-en2fr/test.2016.fr: 1000 sents, 15693 tokens, 0.0255% replaced (by <unk>)
[fr] Dictionary: 10368 types
[fr] data/consqa-m30k-en2fr/test.2017.fr: 1000 sents, 14414 tokens, 0.0347% replaced (by <unk>)
[fr] Dictionary: 10368 types
[fr] data/consqa-m30k-en2fr/test.coco.fr: 461 sents, 6657 tokens, 0.03% replaced (by <unk>)
[fr] Dictionary: 10368 types
[fr] data/consqa-m30k-en2fr/test.2018.fr: 1071 sents, 18935 tokens, 0.951% replaced (by <unk>)
Wrote preprocessed data to data-bin/multi30k.en-fr.consqa_mmt
